[backblue.gif]
[fade.gif]
[index.html]
[theme.nileforest.com/html/apollo-v1.3/img/favicon.ico]
[theme.nileforest.com/html/apollo-v1.3/img/favicon.png]
[theme.nileforest.com/html/apollo-v1.3/img/logo-light.png]
[theme.nileforest.com/html/apollo-v1.3/img/logo-dark.png]
[theme.nileforest.com/html/apollo-v1.3/img/full/16.jpg]
[theme.nileforest.com/html/apollo-v1.3/img/team/01.jpg]
[theme.nileforest.com/html/apollo-v1.3/img/team/02.jpg]
[theme.nileforest.com/html/apollo-v1.3/img/team/03.jpg]
[theme.nileforest.com/html/apollo-v1.3/img/team/04.jpg]
[theme.nileforest.com/html/apollo-v1.3/img/team/05.jpg]
[theme.nileforest.com/html/apollo-v1.3/img/team/06.jpg]
[theme.nileforest.com/html/apollo-v1.3/img/mockup/mockup02.png]
[theme.nileforest.com/html/apollo-v1.3/img/full/15.jpg]
[theme.nileforest.com/html/apollo-v1.3/img/portfolio/large/01.jpg]
[theme.nileforest.com/html/apollo-v1.3/img/portfolio/thumb/01.jpg]
[theme.nileforest.com/html/apollo-v1.3/img/portfolio/large/02.jpg]
[theme.nileforest.com/html/apollo-v1.3/img/portfolio/thumb/02.jpg]
[theme.nileforest.com/html/apollo-v1.3/img/portfolio/large/03.jpg]
[theme.nileforest.com/html/apollo-v1.3/img/portfolio/thumb/03.jpg]
[theme.nileforest.com/html/apollo-v1.3/img/portfolio/large/04.jpg]
[theme.nileforest.com/html/apollo-v1.3/img/portfolio/thumb/04.jpg]
[theme.nileforest.com/html/apollo-v1.3/img/portfolio/large/05.jpg]
[theme.nileforest.com/html/apollo-v1.3/img/portfolio/thumb/05.jpg]
[theme.nileforest.com/html/apollo-v1.3/img/portfolio/large/06.jpg]
[theme.nileforest.com/html/apollo-v1.3/img/portfolio/thumb/06.jpg]
[theme.nileforest.com/html/apollo-v1.3/img/portfolio/large/07.jpg]
[theme.nileforest.com/html/apollo-v1.3/img/portfolio/thumb/07.jpg]
[theme.nileforest.com/html/apollo-v1.3/img/portfolio/large/08.jpg]
[theme.nileforest.com/html/apollo-v1.3/img/portfolio/thumb/08.jpg]
[theme.nileforest.com/html/apollo-v1.3/img/portfolio/large/09.jpg]
[theme.nileforest.com/html/apollo-v1.3/img/portfolio/thumb/09.jpg]
[theme.nileforest.com/html/apollo-v1.3/img/full/14.jpg]
[theme.nileforest.com/html/apollo-v1.3/img/mockup/mockup01.png]
[theme.nileforest.com/html/apollo-v1.3/img/full/12.jpg]
[theme.nileforest.com/html/apollo-v1.3/img/full/13.jpg]
[theme.nileforest.com/html/apollo-v1.3/img/logos/01.png]
[theme.nileforest.com/html/apollo-v1.3/img/logos/02.png]
[theme.nileforest.com/html/apollo-v1.3/img/logos/03.png]
[theme.nileforest.com/html/apollo-v1.3/img/logos/04.png]
[theme.nileforest.com/html/apollo-v1.3/img/logos/05.png]
[theme.nileforest.com/html/apollo-v1.3/img/logos/06.png]
[theme.nileforest.com/html/apollo-v1.3/img/logos/08.png]
[theme.nileforest.com/html/apollo-v1.3/img/logos/09.png]
[theme.nileforest.com/html/apollo-v1.3/img/blog/01.jpg]
[theme.nileforest.com/html/apollo-v1.3/img/blog/02.jpg]
[theme.nileforest.com/html/apollo-v1.3/img/blog/03.jpg]
[theme.nileforest.com/html/apollo-v1.3/js/jquery-1.11.3.min.js]
[theme.nileforest.com/html/apollo-v1.3/js/plugins/jquery.easing.js]
[theme.nileforest.com/html/apollo-v1.3/js/plugins/SmoothScroll.js]
[theme.nileforest.com/html/apollo-v1.3/js/plugins/owl.carousel.min.js]
[theme.nileforest.com/html/apollo-v1.3/js/plugins/wow.min.js]
[theme.nileforest.com/html/apollo-v1.3/js/plugins/isotope.pkgd.min.js]
[theme.nileforest.com/html/apollo-v1.3/js/plugins/jquery.stellar.min.js]
[theme.nileforest.com/html/apollo-v1.3/js/plugins/jquery.fitvids.js]
[theme.nileforest.com/html/apollo-v1.3/js/plugins/jquery.magnific-popup.min.js]
[theme.nileforest.com/html/apollo-v1.3/js/plugins/jquery.appear.js]
[theme.nileforest.com/html/apollo-v1.3/js/plugins/jquery.countTo.js]
[theme.nileforest.com/html/apollo-v1.3/js/plugins/jquery.mb.YTPlayer.min.js]
[theme.nileforest.com/html/apollo-v1.3/js/plugins/jquery.simple-text-rotator.min.js]
[theme.nileforest.com/html/apollo-v1.3/js/plugins/jquery.backstretch.js]
[theme.nileforest.com/html/apollo-v1.3/js/plugins/jquery.singlePageNav.min.js]
[theme.nileforest.com/html/apollo-v1.3/js/plugins/jquery.validate.min.js]
[theme.nileforest.com/html/apollo-v1.3/js/send-subscribe.js]
[theme.nileforest.com/html/apollo-v1.3/js/contact-form.js]
[theme.nileforest.com/html/apollo-v1.3/js/map.js]
[theme.nileforest.com/html/apollo-v1.3/js/theme.js]
[theme.nileforest.com/html/apollo-v1.3/index-static_light.html]
[theme.nileforest.com/html/apollo-v1.3/css/style.css]
[theme.nileforest.com/html/apollo-v1.3/css/bootstrap.css]
[theme.nileforest.com/html/apollo-v1.3/css/plugins/animate.css]
[theme.nileforest.com/html/apollo-v1.3/img/full/01.jpg]
[theme.nileforest.com/html/apollo-v1.3/img/full/03.jpg]
[theme.nileforest.com/html/apollo-v1.3/index.html]
[theme.nileforest.com/html/apollo-v1.3/home-agency1.html]
[theme.nileforest.com/html/apollo-v1.3/img/full/02.jpg]
[theme.nileforest.com/html/apollo-v1.3/img/full/23.jpg]
[theme.nileforest.com/html/apollo-v1.3/img/portfolio/large/masonry/01.jpg]
[theme.nileforest.com/html/apollo-v1.3/img/portfolio/large/masonry/02.jpg]
[theme.nileforest.com/html/apollo-v1.3/img/portfolio/large/masonry/03.jpg]
[theme.nileforest.com/html/apollo-v1.3/img/portfolio/large/masonry/04.jpg]
[theme.nileforest.com/html/apollo-v1.3/img/portfolio/large/masonry/05.jpg]
[theme.nileforest.com/html/apollo-v1.3/img/portfolio/large/masonry/06.jpg]
[theme.nileforest.com/html/apollo-v1.3/img/portfolio/large/masonry/07.jpg]
[theme.nileforest.com/html/apollo-v1.3/img/portfolio/large/masonry/08.jpg]
[theme.nileforest.com/html/apollo-v1.3/img/portfolio/large/masonry/09.jpg]
[theme.nileforest.com/html/apollo-v1.3/img/portfolio/large/masonry/10.jpg]
[theme.nileforest.com/html/apollo-v1.3/img/portfolio/large/masonry/11.jpg]
[theme.nileforest.com/html/apollo-v1.3/img/portfolio/large/masonry/12.jpg]
[theme.nileforest.com/html/apollo-v1.3/img/portfolio/large/masonry/13.jpg]
[theme.nileforest.com/html/apollo-v1.3/img/portfolio/large/masonry/14.jpg]
[theme.nileforest.com/html/apollo-v1.3/home-agency2.html]
[theme.nileforest.com/html/apollo-v1.3/img/portfolio/large/masonry/15.jpg]
[theme.nileforest.com/html/apollo-v1.3/home-agency3.html]
[theme.nileforest.com/html/apollo-v1.3/img/full/24.jpg]
[theme.nileforest.com/html/apollo-v1.3/img/full/22.jpg]
[theme.nileforest.com/html/apollo-v1.3/img/full/10.jpg]
[theme.nileforest.com/html/apollo-v1.3/img/logos/dark/01.png]
[theme.nileforest.com/html/apollo-v1.3/img/logos/dark/02.png]
[theme.nileforest.com/html/apollo-v1.3/img/logos/dark/03.png]
[theme.nileforest.com/html/apollo-v1.3/img/logos/dark/04.png]
[theme.nileforest.com/html/apollo-v1.3/img/logos/dark/05.png]
[theme.nileforest.com/html/apollo-v1.3/img/logos/dark/06.png]
[theme.nileforest.com/html/apollo-v1.3/img/logos/dark/08.png]
[theme.nileforest.com/html/apollo-v1.3/home-personal.html]
[theme.nileforest.com/html/apollo-v1.3/img/logos/dark/09.png]
[theme.nileforest.com/html/apollo-v1.3/img/full/17.jpg]
[theme.nileforest.com/html/apollo-v1.3/img/signature.png]
[theme.nileforest.com/html/apollo-v1.3/js/plugins/jquery.downCount.js]
[theme.nileforest.com/html/apollo-v1.3/home-comming_soon1.html]
[theme.nileforest.com/html/apollo-v1.3/home-comming_soon2.html]
[theme.nileforest.com/html/apollo-v1.3/index-static_dark.html]
[theme.nileforest.com/html/apollo-v1.3/media/Working-Space-poster.jpg]
[theme.nileforest.com/html/apollo-v1.3/media/Working-Space.mp4]
[theme.nileforest.com/html/apollo-v1.3/media/Working-Space.webm]
[theme.nileforest.com/html/apollo-v1.3/media/Working-Space.ogv]
[theme.nileforest.com/html/apollo-v1.3/plugin/rs-plugin/js/jquery.themepunch.tools.min.js]
[theme.nileforest.com/html/apollo-v1.3/plugin/rs-plugin/js/jquery.themepunch.revolution.min.js]
[theme.nileforest.com/html/apollo-v1.3/js/revolution-slider.js]
[theme.nileforest.com/html/apollo-v1.3/index-video_bg.html]
[theme.nileforest.com/html/apollo-v1.3/img/full/youtube-bg.jpg]
[theme.nileforest.com/html/apollo-v1.3/index-youtube_bg.html]
[theme.nileforest.com/html/apollo-v1.3/js/plugins/particles.min.js]
[theme.nileforest.com/html/apollo-v1.3/js/plugins/particles_app.js]
[theme.nileforest.com/html/apollo-v1.3/index-canvas-pattern.html]
[theme.nileforest.com/html/apollo-v1.3/index-text_slider.html]
[theme.nileforest.com/html/apollo-v1.3/img/full/19.jpg]
[theme.nileforest.com/html/apollo-v1.3/img/full/21.jpg]
[theme.nileforest.com/html/apollo-v1.3/index-revolution_slider1.html]
[theme.nileforest.com/html/apollo-v1.3/index-revolution_slider2.html]
[theme.nileforest.com/html/apollo-v1.3/img/full/07.jpg]
[theme.nileforest.com/html/apollo-v1.3/index-bg_slideshow.html]
[theme.nileforest.com/html/apollo-v1.3/index-text_rotator1.html]
[theme.nileforest.com/html/apollo-v1.3/img/full/06.jpg]
[theme.nileforest.com/html/apollo-v1.3/index-text_rotator2.html]
[theme.nileforest.com/html/apollo-v1.3/header-dark.html]
[theme.nileforest.com/html/apollo-v1.3/header-light.html]
[theme.nileforest.com/html/apollo-v1.3/img/full/20.jpg]
[theme.nileforest.com/html/apollo-v1.3/header-dark_light.html]
[theme.nileforest.com/html/apollo-v1.3/header-overlay_menu.html]
[theme.nileforest.com/html/apollo-v1.3/img/full/11.jpg]
[theme.nileforest.com/html/apollo-v1.3/page-about1.html]
[theme.nileforest.com/html/apollo-v1.3/page-about2.html]
[theme.nileforest.com/html/apollo-v1.3/img/full/04.jpg]
[theme.nileforest.com/html/apollo-v1.3/page-service1.html]
[theme.nileforest.com/html/apollo-v1.3/page-service2.html]
[theme.nileforest.com/html/apollo-v1.3/img/full/05.jpg]
[theme.nileforest.com/html/apollo-v1.3/page-contact1.html]
[theme.nileforest.com/html/apollo-v1.3/page-contact2.html]
[theme.nileforest.com/html/apollo-v1.3/page-portfolio_grid.html]
[theme.nileforest.com/html/apollo-v1.3/page-portfolio_masonry.html]
[theme.nileforest.com/html/apollo-v1.3/page-portfolio_single1.html]
[theme.nileforest.com/html/apollo-v1.3/img/portfolio/large/masonry/17.jpg]
[theme.nileforest.com/html/apollo-v1.3/page-portfolio_single2.html]
[theme.nileforest.com/html/apollo-v1.3/img/blog/06.jpg]
[theme.nileforest.com/html/apollo-v1.3/img/blog/05.jpg]
[theme.nileforest.com/html/apollo-v1.3/img/blog/04.jpg]
[theme.nileforest.com/html/apollo-v1.3/page-blog.html]
[theme.nileforest.com/html/apollo-v1.3/img/user-av.jpg]
[theme.nileforest.com/html/apollo-v1.3/page-blog_single.html]
[theme.nileforest.com/html/apollo-v1.3/page-faq.html]
[theme.nileforest.com/html/apollo-v1.3/page-error404.html]
[theme.nileforest.com/html/apollo-v1.3/page-all_slider.html]
[theme.nileforest.com/html/apollo-v1.3/demo/img/main-preview.jpg]
[theme.nileforest.com/html/apollo-v1.3/demo/img/intro/intro-static_dark.jpg]
[theme.nileforest.com/html/apollo-v1.3/demo/img/intro/intro-static_light.jpg]
[theme.nileforest.com/html/apollo-v1.3/demo/img/intro/intro-video_bg.jpg]
[theme.nileforest.com/html/apollo-v1.3/demo/img/intro/intro-youtube_bg.jpg]
[theme.nileforest.com/html/apollo-v1.3/demo/img/intro/intro-canvas-pattern.jpg]
[theme.nileforest.com/html/apollo-v1.3/demo/img/intro/intro-text_slider.jpg]
[theme.nileforest.com/html/apollo-v1.3/demo/img/intro/intro-revolution_slider1.jpg]
[theme.nileforest.com/html/apollo-v1.3/demo/img/intro/intro-revolution_slider2.jpg]
[theme.nileforest.com/html/apollo-v1.3/demo/img/intro/intro-bg_slideshow.jpg]
[theme.nileforest.com/html/apollo-v1.3/demo/img/intro/intro-text_rotator1.jpg]
[theme.nileforest.com/html/apollo-v1.3/demo/img/intro/intro-text_rotator2.jpg]
[theme.nileforest.com/html/apollo-v1.3/demo/img/header/header-dark_light.jpg]
[theme.nileforest.com/html/apollo-v1.3/demo/img/home/home-agency1.jpg]
[theme.nileforest.com/html/apollo-v1.3/demo/img/home/home-agency2.jpg]
[theme.nileforest.com/html/apollo-v1.3/demo/img/home/home-agency3.jpg]
[theme.nileforest.com/html/apollo-v1.3/demo/img/home/home-personal.jpg]
[theme.nileforest.com/html/apollo-v1.3/demo/img/home/home-comming_soon1.jpg]
[theme.nileforest.com/html/apollo-v1.3/demo/img/home/home-comming_soon2.jpg]
[theme.nileforest.com/html/apollo-v1.3/demo/img/header/header-default.jpg]
[theme.nileforest.com/html/apollo-v1.3/demo/img/header/header-dark.jpg]
[theme.nileforest.com/html/apollo-v1.3/demo/img/header/header-light.jpg]
[theme.nileforest.com/html/apollo-v1.3/demo/img/header/header-overlay_menu.jpg]
[theme.nileforest.com/html/apollo-v1.3/demo/img/header/header-sidebar_menu.jpg]
[theme.nileforest.com/html/apollo-v1.3/demo/img/pages/page-about1.jpg]
[theme.nileforest.com/html/apollo-v1.3/demo/img/pages/page-about2.jpg]
[theme.nileforest.com/html/apollo-v1.3/demo/img/pages/page-service1.jpg]
[theme.nileforest.com/html/apollo-v1.3/demo/img/pages/page-service2.jpg]
[theme.nileforest.com/html/apollo-v1.3/demo/img/pages/page-contact1.jpg]
[theme.nileforest.com/html/apollo-v1.3/demo/img/pages/page-contact2.jpg]
[theme.nileforest.com/html/apollo-v1.3/demo/img/pages/page-portfolio_grid.jpg]
[theme.nileforest.com/html/apollo-v1.3/demo/img/pages/page-portfolio_masonry.jpg]
[theme.nileforest.com/html/apollo-v1.3/demo/img/pages/page-portfolio_single1.jpg]
[theme.nileforest.com/html/apollo-v1.3/demo/img/pages/page-portfolio_single2.jpg]
[theme.nileforest.com/html/apollo-v1.3/demo/img/pages/page-blog.jpg]
[theme.nileforest.com/html/apollo-v1.3/demo/img/pages/page-blog_single.jpg]
[theme.nileforest.com/html/apollo-v1.3/demo/img/pages/page-faq.jpg]
[theme.nileforest.com/html/apollo-v1.3/demo/img/pages/page-error404.jpg]
[theme.nileforest.com/html/apollo-v1.3/demo.html]
[theme.nileforest.com/html/apollo-v1.3/demo/img/pages/page-all_slider.jpg]
[theme.nileforest.com/html/apollo-v1.3/fonts/font-awesome/fontawesome-webfont3295.eot]
[theme.nileforest.com/html/apollo-v1.3/fonts/font-awesome/fontawesome-webfontd41d.eot]
[theme.nileforest.com/html/apollo-v1.3/fonts/font-awesome/fontawesome-webfont3295.woff2]
[theme.nileforest.com/html/apollo-v1.3/fonts/font-awesome/fontawesome-webfont3295.woff]
[theme.nileforest.com/html/apollo-v1.3/fonts/font-awesome/fontawesome-webfont3295.ttf]
[theme.nileforest.com/html/apollo-v1.3/css/font-awesome_icon-font.css]
[theme.nileforest.com/html/apollo-v1.3/fonts/et-line_icon-font/et-line.eot]
[theme.nileforest.com/html/apollo-v1.3/fonts/et-line_icon-font/et-lined41d.eot]
[theme.nileforest.com/html/apollo-v1.3/fonts/et-line_icon-font/et-line.woff]
[theme.nileforest.com/html/apollo-v1.3/fonts/et-line_icon-font/et-line.ttf]
[theme.nileforest.com/html/apollo-v1.3/css/et-line_icon-font.css]
[theme.nileforest.com/html/apollo-v1.3/css/plugins/owl.carousel.css]
[theme.nileforest.com/html/apollo-v1.3/css/plugins/magnific-popup.css]
[theme.nileforest.com/html/apollo-v1.3/plugin/rs-plugin/images/gradient/g30.png]
[theme.nileforest.com/html/apollo-v1.3/plugin/rs-plugin/images/gradient/g40.png]
[theme.nileforest.com/html/apollo-v1.3/plugin/rs-plugin/assets/shadow1.png]
[theme.nileforest.com/html/apollo-v1.3/plugin/rs-plugin/assets/shadow2.png]
[theme.nileforest.com/html/apollo-v1.3/plugin/rs-plugin/assets/shadow3.png]
[theme.nileforest.com/html/apollo-v1.3/plugin/rs-plugin/assets/gridtile_white.png]
[theme.nileforest.com/html/apollo-v1.3/plugin/rs-plugin/assets/gridtile_3x3.png]
[theme.nileforest.com/html/apollo-v1.3/plugin/rs-plugin/assets/gridtile_3x3_white.png]
[theme.nileforest.com/html/apollo-v1.3/plugin/rs-plugin/assets/boxed_bgtile.png]
[theme.nileforest.com/html/apollo-v1.3/plugin/rs-plugin/assets/navigdots_bgtile.png]
[theme.nileforest.com/html/apollo-v1.3/plugin/rs-plugin/assets/bullet.png]
[theme.nileforest.com/html/apollo-v1.3/plugin/rs-plugin/assets/bullets.png]
[theme.nileforest.com/html/apollo-v1.3/plugin/rs-plugin/assets/bullets2.png]
[theme.nileforest.com/html/apollo-v1.3/plugin/rs-plugin/assets/bullet_boxed.png]
[theme.nileforest.com/html/apollo-v1.3/plugin/rs-plugin/assets/navigdots.png]
[theme.nileforest.com/html/apollo-v1.3/plugin/rs-plugin/assets/large_left.png]
[theme.nileforest.com/html/apollo-v1.3/plugin/rs-plugin/assets/large_right.png]
[theme.nileforest.com/html/apollo-v1.3/plugin/rs-plugin/assets/small_left.png]
[theme.nileforest.com/html/apollo-v1.3/plugin/rs-plugin/assets/small_right.png]
[theme.nileforest.com/html/apollo-v1.3/plugin/rs-plugin/assets/arrow_left.png]
[theme.nileforest.com/html/apollo-v1.3/plugin/rs-plugin/assets/arrow_right.png]
[theme.nileforest.com/html/apollo-v1.3/plugin/rs-plugin/assets/small_left_boxed.png]
[theme.nileforest.com/html/apollo-v1.3/plugin/rs-plugin/assets/small_right_boxed.png]
[theme.nileforest.com/html/apollo-v1.3/plugin/rs-plugin/assets/arrowleft.png]
[theme.nileforest.com/html/apollo-v1.3/plugin/rs-plugin/assets/arrowright.png]
[theme.nileforest.com/html/apollo-v1.3/plugin/rs-plugin/assets/arrow_left2.png]
[theme.nileforest.com/html/apollo-v1.3/plugin/rs-plugin/assets/arrow_right2.png]
[theme.nileforest.com/html/apollo-v1.3/plugin/rs-plugin/assets/timer.png]
[theme.nileforest.com/html/apollo-v1.3/plugin/rs-plugin/assets/coloredbg.png]
[theme.nileforest.com/html/apollo-v1.3/plugin/rs-plugin/assets/loader.gif]
[theme.nileforest.com/html/apollo-v1.3/plugin/rs-plugin/font/revicons90c6.eot]
[theme.nileforest.com/html/apollo-v1.3/plugin/rs-plugin/font/revicons90c6.woff]
[theme.nileforest.com/html/apollo-v1.3/plugin/rs-plugin/font/revicons90c6.ttf]
[theme.nileforest.com/html/apollo-v1.3/plugin/rs-plugin/css/settings.css]
[theme.nileforest.com/html/apollo-v1.3/media/Working-Space.mp4]
[theme.nileforest.com/html/apollo-v1.3/js/sidebar-menu.js]
[theme.nileforest.com/html/apollo-v1.3/header-sidebar_menu.html]
[theme.nileforest.com/html/apollo-v1.3/fonts/font-awesome/fontawesome-webfont3295.svg]
[theme.nileforest.com/html/apollo-v1.3/fonts/et-line_icon-font/et-line.svg]
[theme.nileforest.com/html/apollo-v1.3/css/plugins/grabbing.html]
[theme.nileforest.com/html/apollo-v1.3/css/plugins/AjaxLoader.html]
[theme.nileforest.com/html/apollo-v1.3/plugin/rs-plugin/font/revicons90c6.svg]
[theme.nileforest.com/html/apollo-v1.3/media/Working-Space.mp4]
